
sathish Vel@DESKTOP-BSSSVE0 MINGW64 /f/GIT (master)
$ git add newfile.txt

sathish Vel@DESKTOP-BSSSVE0 MINGW64 /f/GIT (master)
$ git status
On branch master

No commits yet

Changes to be committed:
  (use "git rm --cached <file>..." to unstage)
        new file:   newfile.txt


sathish Vel@DESKTOP-BSSSVE0 MINGW64 /f/GIT (master)
$ git config user.email "sathishvel619@gmail.com"

sathish Vel@DESKTOP-BSSSVE0 MINGW64 /f/GIT (master)
$ git config user.name "sathishvel"

sathish Vel@DESKTOP-BSSSVE0 MINGW64 /f/GIT (master)
$ git commit -m "this is my 1st commit"
[master (root-commit) c3380f7] this is my 1st commit
 1 file changed, 0 insertions(+), 0 deletions(-)
 create mode 100644 newfile.txt

sathish Vel@DESKTOP-BSSSVE0 MINGW64 /f/GIT (master)
$ touch 2.txt

sathish Vel@DESKTOP-BSSSVE0 MINGW64 /f/GIT (master)
$ git status
On branch master
Untracked files:
  (use "git add <file>..." to include in what will be committed)
        2.txt

nothing added to commit but untracked files present (use "git add" to track)

sathish Vel@DESKTOP-BSSSVE0 MINGW64 /f/GIT (master)
$ git add 2.txt

sathish Vel@DESKTOP-BSSSVE0 MINGW64 /f/GIT (master)
$ git status
On branch master
Changes to be committed:
  (use "git restore --staged <file>..." to unstage)
        new file:   2.txt


sathish Vel@DESKTOP-BSSSVE0 MINGW64 /f/GIT (master)
$ git commit -m "2nd commit"
[master da8eb27] 2nd commit
 1 file changed, 0 insertions(+), 0 deletions(-)
 create mode 100644 2.txt

sathish Vel@DESKTOP-BSSSVE0 MINGW64 /f/GIT (master)
$ git log
commit da8eb270659fe7e2ce87d96ab13da10167262c7d (HEAD -> master)
Author: sathishvel <sathishvel619@gmail.com>
Date:   Sun Oct 23 18:17:48 2022 +0530

    2nd commit

commit c3380f7879073ecfae35dfef1c2c178f3840f3ba
Author: sathishvel <sathishvel619@gmail.com>
Date:   Sun Oct 23 18:14:49 2022 +0530

    this is my 1st commit

sathish Vel@DESKTOP-BSSSVE0 MINGW64 /f/GIT (master)
$ git log oneline
fatal: ambiguous argument 'oneline': unknown revision or path not in the working tree.
Use '--' to separate paths from revisions, like this:
'git <command> [<revision>...] -- [<file>...]'

sathish Vel@DESKTOP-BSSSVE0 MINGW64 /f/GIT (master)
$ git log -oneline
fatal: unrecognized argument: -oneline

sathish Vel@DESKTOP-BSSSVE0 MINGW64 /f/GIT (master)
$ git log --oneline
da8eb27 (HEAD -> master) 2nd commit
c3380f7 this is my 1st commit

sathish Vel@DESKTOP-BSSSVE0 MINGW64 /f/GIT (master)
$ ^C

sathish Vel@DESKTOP-BSSSVE0 MINGW64 /f/GIT (master)
$
